  Assembling ..\..\src\stdlib\SDL_mslibc_x64.masm...
  The vcpkg manifest was disabled, but we found a manifest file in C:\Users\frede\source\repos\destrukter\CageModelerPMVC\. You may want to enable vcpkg manifests in your properties page or pass /p:VcpkgEnableManifest=true to the msbuild invocation.
  pch.c
  SDL_sysmain_callbacks.c
  SDL_main_callbacks.c
  SDL_guid.c
  SDL_atomic.c
  SDL_spinlock.c
  SDL_directsound.c
  SDL_diskaudio.c
  SDL_dummyaudio.c
  SDL_audio.c
  SDL_audiocvt.c
  SDL_audiodev.c
  SDL_audiotypecvt.c
  SDL_audioqueue.c
  SDL_audioresample.c
  SDL_mixer.c
  SDL_wave.c
  SDL_wasapi.c
  SDL_wasapi_win32.c
  SDL_core_unsupported.c
  SDL_runapp.c
  SDL_hid.c
  SDL_immdevice.c
  SDL_windows.c
  SDL_xinput.c
  SDL_cpuinfo.c
  SDL_clipboardevents.c
  SDL_displayevents.c
  SDL_dropevents.c
  SDL_events.c
  SDL_keyboard.c
  SDL_mouse.c
  SDL_pen.c
  SDL_quit.c
  SDL_touch.c
  SDL_windowevents.c
  SDL_rwops.c
  SDL_sysfilesystem.c
  SDL_syshaptic.c
  SDL_haptic.c
  SDL_dinputhaptic.c
  SDL_windowshaptic.c
  SDL_hidapi.c
  controller_type.c
  SDL_sysjoystick.c
  SDL_hidapijoystick.c
  SDL_hidapi_combined.c
  SDL_hidapi_gamecube.c
  SDL_hidapi_luna.c
  SDL_hidapi_ps3.c
  SDL_hidapi_ps4.c
  SDL_hidapi_ps5.c
  SDL_hidapi_rumble.c
  SDL_hidapi_shield.c
  SDL_hidapi_stadia.c
  SDL_hidapi_steam.c
  SDL_hidapi_steamdeck.c
  SDL_hidapi_switch.c
  SDL_hidapi_wii.c
  SDL_hidapi_xbox360.c
  SDL_hidapi_xbox360w.c
  SDL_hidapi_xboxone.c
  SDL_gamepad.c
  SDL_joystick.c
  SDL_steam_virtual_gamepad.c
  SDL_virtualjoystick.c
  SDL_dinputjoystick.c
  SDL_rawinputjoystick.c
  SDL_windowsjoystick.c
  SDL_windows_gaming_input.c
  SDL_xinputjoystick.c
  e_atan2.c
  e_exp.c
  e_fmod.c
  e_log.c
  e_log10.c
  e_pow.c
  e_rem_pio2.c
  e_sqrt.c
  k_cos.c
  k_rem_pio2.c
  k_sin.c
  k_tan.c
  s_atan.c
  s_copysign.c
  s_cos.c
  s_fabs.c
  s_floor.c
  s_modf.c
  s_scalbn.c
  s_sin.c
  s_tan.c
  SDL_sysloadso.c
  SDL_locale.c
  SDL_syslocale.c
  SDL_url.c
  SDL_sysurl.c
  SDL_power.c
  SDL_syspower.c
  SDL_shaders_d3d11.c
  SDL_render_d3d12.c
  SDL_shaders_d3d12.c
  SDL_render_d3d.c
  SDL_render_d3d11.c
  SDL_shaders_d3d.c
  SDL_render_gl.c
  SDL_shaders_gl.c
  SDL_render_gles2.c
  SDL_shaders_gles2.c
  SDL_d3dmath.c
  SDL_render.c
  SDL_render_unsupported.c
  SDL_yuv_sw.c
  SDL_blendfillrect.c
  SDL_blendline.c
  SDL_blendpoint.c
  SDL_drawline.c
  SDL_drawpoint.c
  SDL_render_sw.c
  SDL_rotate.c
  SDL_triangle.c
  SDL.c
  SDL_assert.c
  SDL_error.c
  SDL_hashtable.c
  SDL_hints.c
  SDL_list.c
  SDL_log.c
  SDL_properties.c
  SDL_utils.c
  SDL_dummysensor.c
  SDL_sensor.c
  SDL_windowssensor.c
  SDL_crc16.c
  SDL_crc32.c
  SDL_getenv.c
  SDL_iconv.c
  SDL_malloc.c
  SDL_memcpy.c
  SDL_memmove.c
  SDL_memset.c
  SDL_mslibc.c
  SDL_qsort.c
  SDL_stdlib.c
  SDL_string.c
  SDL_strtokr.c
  SDL_syscond.c
  SDL_sysrwlock.c
  SDL_thread.c
  SDL_syscond_cv.c
  SDL_sysmutex.c
  SDL_sysrwlock_srw.c
  SDL_syssem.c
  SDL_systhread.c
  SDL_systls.c
  SDL_timer.c
  SDL_systimer.c
  SDL_nullevents.c
  SDL_nullframebuffer.c
  SDL_nullvideo.c
  SDL_blit.c
  SDL_blit_0.c
  SDL_blit_1.c
  SDL_blit_A.c
  SDL_blit_auto.c
  SDL_blit_copy.c
  SDL_blit_N.c
  SDL_blit_slow.c
  SDL_bmp.c
  SDL_clipboard.c
  SDL_egl.c
  SDL_fillrect.c
  SDL_pixels.c
  SDL_rect.c
  SDL_RLEaccel.c
  SDL_stretch.c
  SDL_surface.c
  SDL_video.c
  SDL_video_unsupported.c
  SDL_video_capture.c
  SDL_vulkan_utils.c
  SDL_yuv.c
  SDL_windowsclipboard.c
  SDL_windowsevents.c
  SDL_windowsframebuffer.c
  SDL_windowskeyboard.c
  SDL_windowsmessagebox.c
  SDL_windowsmodes.c
  SDL_windowsmouse.c
  SDL_windowsopengl.c
  SDL_windowsopengles.c
  SDL_windowsshape.c
  SDL_windowsvideo.c
  SDL_windowsvulkan.c
  SDL_windowswindow.c
  yuv_rgb_lsx.c
  yuv_rgb_sse.c
  yuv_rgb_std.c
  SDL_dynapi.c
     Creating library C:\Users\frede\source\repos\destrukter\CageModelerPMVC\viewer\external\SDL3\VisualC\x64\Debug\SDL3.lib and object C:\Users\frede\source\repos\destrukter\CageModelerPMVC\viewer\external\SDL3\VisualC\x64\Debug\SDL3.exp
  SDL.vcxproj -> C:\Users\frede\source\repos\destrukter\CageModelerPMVC\viewer\external\SDL3\VisualC\x64\Debug\SDL3.dll
  'pwsh.exe' is not recognized as an internal or external command,
  operable program or batch file.
